<?xml version="1.0" encoding="utf-8"?><testsuites><testsuite name="pytest" errors="0" failures="0" skipped="0" tests="0" time="0.027" timestamp="2024-08-23T19:17:27.592046" hostname="shava" /></testsuites>